// Jest Snapshot v1, https://goo.gl/fbAQLP

exports[`config/redirects render all current redirects 1`] = `
Array [
  Object {
    "destination": "/app/login/",
    "permanent": true,
    "source": "/login/",
  },
  Object {
    "destination": "/app/profile/",
    "permanent": true,
    "source": "/profile/",
  },
  Object {
    "destination": "/app/feed/",
    "permanent": true,
    "source": "/feed/",
  },
]
`;
